------------------------------------------------------------
Timing Analyzer Summary
------------------------------------------------------------

Type  : Slow 1200mV 85C Model Setup 'main_clk_50'
Slack : 5.721
TNS   : 0.000

Type  : Slow 1200mV 85C Model Setup 'altera_reserved_tck'
Slack : 46.342
TNS   : 0.000

Type  : Slow 1200mV 85C Model Hold 'main_clk_50'
Slack : 0.386
TNS   : 0.000

Type  : Slow 1200mV 85C Model Hold 'altera_reserved_tck'
Slack : 0.402
TNS   : 0.000

Type  : Slow 1200mV 85C Model Recovery 'main_clk_50'
Slack : 12.720
TNS   : 0.000

Type  : Slow 1200mV 85C Model Recovery 'altera_reserved_tck'
Slack : 48.178
TNS   : 0.000

Type  : Slow 1200mV 85C Model Removal 'altera_reserved_tck'
Slack : 1.151
TNS   : 0.000

Type  : Slow 1200mV 85C Model Removal 'main_clk_50'
Slack : 1.425
TNS   : 0.000

Type  : Slow 1200mV 85C Model Minimum Pulse Width 'main_clk_50'
Slack : 9.623
TNS   : 0.000

Type  : Slow 1200mV 85C Model Minimum Pulse Width 'altera_reserved_tck'
Slack : 49.622
TNS   : 0.000

Type  : Slow 1200mV 0C Model Setup 'main_clk_50'
Slack : 7.112
TNS   : 0.000

Type  : Slow 1200mV 0C Model Setup 'altera_reserved_tck'
Slack : 46.741
TNS   : 0.000

Type  : Slow 1200mV 0C Model Hold 'main_clk_50'
Slack : 0.337
TNS   : 0.000

Type  : Slow 1200mV 0C Model Hold 'altera_reserved_tck'
Slack : 0.354
TNS   : 0.000

Type  : Slow 1200mV 0C Model Recovery 'main_clk_50'
Slack : 13.411
TNS   : 0.000

Type  : Slow 1200mV 0C Model Recovery 'altera_reserved_tck'
Slack : 48.439
TNS   : 0.000

Type  : Slow 1200mV 0C Model Removal 'altera_reserved_tck'
Slack : 1.052
TNS   : 0.000

Type  : Slow 1200mV 0C Model Removal 'main_clk_50'
Slack : 1.279
TNS   : 0.000

Type  : Slow 1200mV 0C Model Minimum Pulse Width 'main_clk_50'
Slack : 9.643
TNS   : 0.000

Type  : Slow 1200mV 0C Model Minimum Pulse Width 'altera_reserved_tck'
Slack : 49.565
TNS   : 0.000

Type  : Fast 1200mV 0C Model Setup 'main_clk_50'
Slack : 12.747
TNS   : 0.000

Type  : Fast 1200mV 0C Model Setup 'altera_reserved_tck'
Slack : 48.430
TNS   : 0.000

Type  : Fast 1200mV 0C Model Hold 'main_clk_50'
Slack : 0.173
TNS   : 0.000

Type  : Fast 1200mV 0C Model Hold 'altera_reserved_tck'
Slack : 0.180
TNS   : 0.000

Type  : Fast 1200mV 0C Model Recovery 'main_clk_50'
Slack : 16.041
TNS   : 0.000

Type  : Fast 1200mV 0C Model Recovery 'altera_reserved_tck'
Slack : 49.289
TNS   : 0.000

Type  : Fast 1200mV 0C Model Removal 'altera_reserved_tck'
Slack : 0.551
TNS   : 0.000

Type  : Fast 1200mV 0C Model Removal 'main_clk_50'
Slack : 0.657
TNS   : 0.000

Type  : Fast 1200mV 0C Model Minimum Pulse Width 'main_clk_50'
Slack : 9.357
TNS   : 0.000

Type  : Fast 1200mV 0C Model Minimum Pulse Width 'altera_reserved_tck'
Slack : 49.472
TNS   : 0.000

------------------------------------------------------------
