------------------------------------------------------------
Timing Analyzer Summary
------------------------------------------------------------

Type  : Slow 1200mV 85C Model Setup 'main_clk_50'
Slack : 6.161
TNS   : 0.000

Type  : Slow 1200mV 85C Model Setup 'altera_reserved_tck'
Slack : 46.458
TNS   : 0.000

Type  : Slow 1200mV 85C Model Hold 'main_clk_50'
Slack : 0.384
TNS   : 0.000

Type  : Slow 1200mV 85C Model Hold 'altera_reserved_tck'
Slack : 0.403
TNS   : 0.000

Type  : Slow 1200mV 85C Model Recovery 'main_clk_50'
Slack : 11.983
TNS   : 0.000

Type  : Slow 1200mV 85C Model Recovery 'altera_reserved_tck'
Slack : 47.759
TNS   : 0.000

Type  : Slow 1200mV 85C Model Removal 'main_clk_50'
Slack : 1.012
TNS   : 0.000

Type  : Slow 1200mV 85C Model Removal 'altera_reserved_tck'
Slack : 1.532
TNS   : 0.000

Type  : Slow 1200mV 85C Model Minimum Pulse Width 'main_clk_50'
Slack : 9.623
TNS   : 0.000

Type  : Slow 1200mV 85C Model Minimum Pulse Width 'altera_reserved_tck'
Slack : 49.633
TNS   : 0.000

Type  : Slow 1200mV 0C Model Setup 'main_clk_50'
Slack : 7.370
TNS   : 0.000

Type  : Slow 1200mV 0C Model Setup 'altera_reserved_tck'
Slack : 46.833
TNS   : 0.000

Type  : Slow 1200mV 0C Model Hold 'main_clk_50'
Slack : 0.337
TNS   : 0.000

Type  : Slow 1200mV 0C Model Hold 'altera_reserved_tck'
Slack : 0.354
TNS   : 0.000

Type  : Slow 1200mV 0C Model Recovery 'main_clk_50'
Slack : 12.706
TNS   : 0.000

Type  : Slow 1200mV 0C Model Recovery 'altera_reserved_tck'
Slack : 48.038
TNS   : 0.000

Type  : Slow 1200mV 0C Model Removal 'main_clk_50'
Slack : 0.920
TNS   : 0.000

Type  : Slow 1200mV 0C Model Removal 'altera_reserved_tck'
Slack : 1.397
TNS   : 0.000

Type  : Slow 1200mV 0C Model Minimum Pulse Width 'main_clk_50'
Slack : 9.646
TNS   : 0.000

Type  : Slow 1200mV 0C Model Minimum Pulse Width 'altera_reserved_tck'
Slack : 49.578
TNS   : 0.000

Type  : Fast 1200mV 0C Model Setup 'main_clk_50'
Slack : 13.027
TNS   : 0.000

Type  : Fast 1200mV 0C Model Setup 'altera_reserved_tck'
Slack : 48.509
TNS   : 0.000

Type  : Fast 1200mV 0C Model Hold 'main_clk_50'
Slack : 0.173
TNS   : 0.000

Type  : Fast 1200mV 0C Model Hold 'altera_reserved_tck'
Slack : 0.180
TNS   : 0.000

Type  : Fast 1200mV 0C Model Recovery 'main_clk_50'
Slack : 15.659
TNS   : 0.000

Type  : Fast 1200mV 0C Model Recovery 'altera_reserved_tck'
Slack : 49.068
TNS   : 0.000

Type  : Fast 1200mV 0C Model Removal 'main_clk_50'
Slack : 0.481
TNS   : 0.000

Type  : Fast 1200mV 0C Model Removal 'altera_reserved_tck'
Slack : 0.713
TNS   : 0.000

Type  : Fast 1200mV 0C Model Minimum Pulse Width 'main_clk_50'
Slack : 9.358
TNS   : 0.000

Type  : Fast 1200mV 0C Model Minimum Pulse Width 'altera_reserved_tck'
Slack : 49.475
TNS   : 0.000

------------------------------------------------------------
